21:41:21 **** Auto Build of configuration Debug for project appsrc2 ****
make pre-build main-build 
a9-linaro-pre-build-step
' '
'Building file: ../src/video_demo.c'
'Invoking: ARM v7 gcc compiler'
arm-none-eabi-gcc -Wall -O0 -g3 -c -fmessage-length=0 -MT"src/video_demo.o" -mcpu=cortex-a9 -mfpu=vfpv3 -mfloat-abi=hard -I../../appsrc2_bsp/ps7_cortexa9_0/include -MMD -MP -MF"src/video_demo.d" -MT"src/video_demo.o" -o "src/video_demo.o" "../src/video_demo.c"
../src/video_demo.c: In function 'DemoRun':
../src/video_demo.c:235:6: warning: unused variable 'nextFrame' [-Wunused-variable]
  int nextFrame = 0;
      ^~~~~~~~~
'Finished building: ../src/video_demo.c'
' '
'Building target: appsrc2.elf'
'Invoking: ARM v7 gcc linker'
arm-none-eabi-gcc -mcpu=cortex-a9 -mfpu=vfpv3 -mfloat-abi=hard -Wl,-build-id=none -specs=Xilinx.spec -Wl,-T -Wl,../src/lscript.ld -L../../appsrc2_bsp/ps7_cortexa9_0/lib -o "appsrc2.elf"  ./src/timer_ps/timer_ps.o  ./src/intc/intc.o  ./src/dynclk/dynclk.o  ./src/display_ctrl/display_ctrl.o  ./src/video_demo.o   -Wl,--start-group,-lxil,-lgcc,-lc,--end-group
'Finished building target: appsrc2.elf'
' '
'Invoking: ARM v7 Print Size'
arm-none-eabi-size appsrc2.elf  |tee "appsrc2.elf.size"
   text	   data	    bss	    dec	    hex	filename
 115324	   3496	18689472	18808292	11efde4	appsrc2.elf
'Finished building: appsrc2.elf.size'
' '

21:41:38 Build Finished (took 16s.975ms)

