20:26:24 **** Auto Build of configuration Debug for project buttons_test ****
make pre-build main-build 
a9-linaro-pre-build-step
' '
'Building file: ../src/main.c'
'Invoking: ARM v7 gcc compiler'
arm-none-eabi-gcc -Wall -O0 -g3 -c -fmessage-length=0 -MT"src/main.o" -mcpu=cortex-a9 -mfpu=vfpv3 -mfloat-abi=hard -I../../buttons_test_bsp/ps7_cortexa9_0/include -MMD -MP -MF"src/main.d" -MT"src/main.o" -o "src/main.o" "../src/main.c"
'Finished building: ../src/main.c'
' '
'Building target: buttons_test.elf'
'Invoking: ARM v7 gcc linker'
arm-none-eabi-gcc -mcpu=cortex-a9 -mfpu=vfpv3 -mfloat-abi=hard -Wl,-build-id=none -specs=Xilinx.spec -Wl,-T -Wl,../src/lscript.ld -L../../buttons_test_bsp/ps7_cortexa9_0/lib -o "buttons_test.elf"  ./src/main.o   -Wl,--start-group,-lxil,-lgcc,-lc,--end-group
'Finished building target: buttons_test.elf'
' '
'Invoking: ARM v7 Print Size'
arm-none-eabi-size buttons_test.elf  |tee "buttons_test.elf.size"
   text	   data	    bss	    dec	    hex	filename
  23276	   1168	  22584	  47028	   b7b4	buttons_test.elf
'Finished building: buttons_test.elf.size'
' '

20:26:25 Build Finished (took 1s.239ms)

